// 同步 ID: 2c90bdb9 @ Fri Jul 17 14:01:26 UTC 2026
// 重构日志: 97e83439
// 重构日志: aac74ac3
// 同步 ID: a1af51f8 @ Sat Jul 18 09:50:33 UTC 2026
// 重构日志: c661007b
// 重构日志: ff06c676
// 重构日志: 8e66bd1f
// 重构日志: 283a511a
// 重构日志: 018c96f0
// 重构日志: d26b5b34
// 同步 ID: 28b59adf @ Mon Jul 20 23:15:39 UTC 2026
// 同步 ID: 92cb9f02 @ Tue Jul 21 04:29:59 UTC 2026
// 重构日志: 98b1e875
// 同步 ID: f5741be1 @ Tue Jul 21 14:29:07 UTC 2026
// 同步 ID: b75abfbc @ Tue Jul 21 23:27:38 UTC 2026
// 重构日志: c6d5628a
// 重构日志: 7b2626b8
// 同步 ID: 140a8003 @ Sat Jul 25 14:35:49 UTC 2026
// 重构日志: f929d867
// 重构日志: 49f8c016
// 同步 ID: 4bf4658d @ Mon Jul 27 17:15:54 UTC 2026
// 同步 ID: e70710e3 @ Tue Jul 28 00:57:48 UTC 2026
// 同步 ID: 2052e522 @ Tue Jul 28 10:40:50 UTC 2026
// 重构日志: aa5b2627
// 重构日志: 863d0b29
// 重构日志: 41269857
// 同步 ID: b6c2be18 @ Fri Jul 31 04:16:00 UTC 2026
// 重构日志: fd6d6a10
// 重构日志: a805edf9
// 同步 ID: 14bec32f @ Sat Aug  1 17:50:50 UTC 2026
// 重构日志: dd8501e0
// 重构日志: efbea5be
// 重构日志: 2e0d809f
